PS C:\Users\AkashKumar\Desktop\test_repo> git init
Initialized empty Git repository in C:/Users/AkashKumar/Desktop/test_repo/.git/
PS C:\Users\AkashKumar\Desktop\test_repo> git add .
PS C:\Users\AkashKumar\Desktop\test_repo> git commit -m "mistake"
[master (root-commit) f2b032e] mistake
 Committer: Akash Kumar <kakash@asofttek.com>
Your name and email address were configured automatically based
on your username and hostname. Please check that they are accurate.
You can suppress this message by setting them explicitly. Run the
following command and follow the instructions in your editor to edit
your configuration file:

    git config --global --edit

After doing this, you may fix the identity used for this commit with:

    git commit --amend --reset-author

 1 file changed, 2 insertions(+)
 create mode 100644 test.py
PS C:\Users\AkashKumar\Desktop\test_repo> git remote add origin https://github.com/kakash02/test_repo.git
PS C:\Users\AkashKumar\Desktop\test_repo> git branch
* master
PS C:\Users\AkashKumar\Desktop\test_repo> git push  
fatal: The current branch master has no upstream branch.
To push the current branch and set the remote as upstream, use

    git push --set-upstream origin master

To have this happen automatically for branches without a tracking
upstream, see 'push.autoSetupRemote' in 'git help config'.

PS C:\Users\AkashKumar\Desktop\test_repo> git push origin master
Enumerating objects: 3, done.
Counting objects: 100% (3/3), done.
Delta compression using up to 8 threads
Compressing objects: 100% (2/2), done.
Writing objects: 100% (3/3), 267 bytes | 267.00 KiB/s, done.
Total 3 (delta 0), reused 0 (delta 0), pack-reused 0 (from 0)
To https://github.com/kakash02/test_repo.git
 * [new branch]      master -> master
PS C:\Users\AkashKumar\Desktop\test_repo> git commit -m "more mistake"
[master 7da0b2b] more mistake
 Committer: Akash Kumar <kakash@asofttek.com>
Your name and email address were configured automatically based
on your username and hostname. Please check that they are accurate.
You can suppress this message by setting them explicitly. Run the
following command and follow the instructions in your editor to edit
your configuration file:

    git config --global --edit

After doing this, you may fix the identity used for this commit with:

    git commit --amend --reset-author

 1 file changed, 2 insertions(+), 1 deletion(-)
PS C:\Users\AkashKumar\Desktop\test_repo> git push origin master      
Enumerating objects: 5, done.
Counting objects: 100% (5/5), done.
Delta compression using up to 8 threads
Compressing objects: 100% (2/2), done.
Writing objects: 100% (3/3), 328 bytes | 164.00 KiB/s, done.
Total 3 (delta 0), reused 0 (delta 0), pack-reused 0 (from 0)
To https://github.com/kakash02/test_repo.git
   f2b032e..7da0b2b  master -> master
PS C:\Users\AkashKumar\Desktop\test_repo> git status
On branch master
nothing to commit, working tree clean
PS C:\Users\AkashKumar\Desktop\test_repo> git status
On branch master
Changes not staged for commit:
  (use "git add <file>..." to update what will be committed)
  (use "git restore <file>..." to discard changes in working directory)
        modified:   test.py

no changes added to commit (use "git add" and/or "git commit -a")
PS C:\Users\AkashKumar\Desktop\test_repo> git diff
diff --git a/test.py b/test.py
index 8d67522..6585591 100644
--- a/test.py
+++ b/test.py
@@ -1,3 +1,4 @@
 # Important Keys
 api_key = "cmolqncioqwhncowqbdcui1ge1hyono"
-more_key = "mcqnbciquwhy1938ye931h"
\ No newline at end of file
+more_key = "mcqnbciquwhy1938ye931h"
+one_more = "cklsqn ck"
:
diff --git a/test.py b/test.py
index 8d67522..6585591 100644
--- a/test.py
+++ b/test.py
@@ -1,3 +1,4 @@
 # Important Keys
 api_key = "cmolqncioqwhncowqbdcui1ge1hyono"
-more_key = "mcqnbciquwhy1938ye931h"
\ No newline at end of file
+more_key = "mcqnbciquwhy1938ye931h"
+one_more = "cklsqn ck"
:
diff --git a/test.py b/test.py
index 8d67522..6585591 100644
--- a/test.py
+++ b/test.py
@@ -1,3 +1,4 @@
 # Important Keys
 api_key = "cmolqncioqwhncowqbdcui1ge1hyono"
-more_key = "mcqnbciquwhy1938ye931h"
\ No newline at end of file
+more_key = "mcqnbciquwhy1938ye931h"
+one_more = "cklsqn ck"
diff --git a/test.py b/test.py
index 8d67522..6585591 100644
--- a/test.py
+++ b/test.py
@@ -1,3 +1,4 @@
 # Important Keys
 api_key = "cmolqncioqwhncowqbdcui1ge1hyono"
-more_key = "mcqnbciquwhy1938ye931h"
\ No newline at end of file
+more_key = "mcqnbciquwhy1938ye931h"
+one_more = "cklsqn ck"
:
diff --git a/test.py b/test.py
index 8d67522..6585591 100644
--- a/test.py
+++ b/test.py
@@ -1,3 +1,4 @@
 # Important Keys
 api_key = "cmolqncioqwhncowqbdcui1ge1hyono"
-more_key = "mcqnbciquwhy1938ye931h"
\ No newline at end of file
+more_key = "mcqnbciquwhy1938ye931h"
+one_more = "cklsqn ck"
:
diff --git a/test.py b/test.py
index 8d67522..6585591 100644
--- a/test.py
+++ b/test.py
@@ -1,3 +1,4 @@
 # Important Keys
 api_key = "cmolqncioqwhncowqbdcui1ge1hyono"
-more_key = "mcqnbciquwhy1938ye931h"
\ No newline at end of file
+more_key = "mcqnbciquwhy1938ye931h"
+one_more = "cklsqn ck"
PS C:\Users\AkashKumar\Desktop\test_repo> 
PS C:\Users\AkashKumar\Desktop\test_repo> git reset --hard HEAD
HEAD is now at 7da0b2b more mistake
PS C:\Users\AkashKumar\Desktop\test_repo> git reset --hard HEAD
HEAD is now at 7da0b2b more mistake
PS C:\Users\AkashKumar\Desktop\test_repo> git reset --hard HEAD
HEAD is now at 7da0b2b more mistake
PS C:\Users\AkashKumar\Desktop\test_repo> git reset --soft HEAD                         
PS C:\Users\AkashKumar\Desktop\test_repo> git reset --soft HEAD~1
PS C:\Users\AkashKumar\Desktop\test_repo> git reset --soft HEAD~1
fatal: ambiguous argument 'HEAD~1': unknown revision or path not in the working tree.
Use '--' to separate paths from revisions, like this:
'git <command> [<revision>...] -- [<file>...]'
PS C:\Users\AkashKumar\Desktop\test_repo> git reset HEAD~1       
fatal: ambiguous argument 'HEAD~1': unknown revision or path not in the working tree.
Use '--' to separate paths from revisions, like this:
'git <command> [<revision>...] -- [<file>...]'
PS C:\Users\AkashKumar\Desktop\test_repo> git push origin master
To https://github.com/kakash02/test_repo.git
 ! [rejected]        master -> master (non-fast-forward)
error: failed to push some refs to 'https://github.com/kakash02/test_repo.git'
hint: Updates were rejected because the tip of your current branch is behind
hint: its remote counterpart. If you want to integrate the remote changes,
hint: use 'git pull' before pushing again.
hint: See the 'Note about fast-forwards' in 'git push --help' for details.
PS C:\Users\AkashKumar\Desktop\test_repo> git pull origin master
From https://github.com/kakash02/test_repo
 * branch            master     -> FETCH_HEAD
Updating f2b032e..7da0b2b
error: Your local changes to the following files would be overwritten by merge:
        test.py
Please commit your changes or stash them before you merge.
Aborting
PS C:\Users\AkashKumar\Desktop\test_repo> git pull origin master
From https://github.com/kakash02/test_repo
 * branch            master     -> FETCH_HEAD
Updating f2b032e..7da0b2b
error: Your local changes to the following files would be overwritten by merge:
        test.py
Please commit your changes or stash them before you merge.
Aborting
PS C:\Users\AkashKumar\Desktop\test_repo> git pull origin master
From https://github.com/kakash02/test_repo
 * branch            master     -> FETCH_HEAD
Updating f2b032e..7da0b2b
Fast-forward
 test.py | 3 ++-
 1 file changed, 2 insertions(+), 1 deletion(-)
PS C:\Users\AkashKumar\Desktop\test_repo> git reset HEAD~1      
Unstaged changes after reset:
M       test.py
PS C:\Users\AkashKumar\Desktop\test_repo> git pull origin master
From https://github.com/kakash02/test_repo
 * branch            master     -> FETCH_HEAD
Updating f2b032e..7da0b2b
error: Your local changes to the following files would be overwritten by merge:
        test.py
Please commit your changes or stash them before you merge.
Aborting
PS C:\Users\AkashKumar\Desktop\test_repo> git pull origin master
From https://github.com/kakash02/test_repo
 * branch            master     -> FETCH_HEAD
Updating f2b032e..7da0b2b
Fast-forward
 test.py | 3 ++-
 1 file changed, 2 insertions(+), 1 deletion(-)
PS C:\Users\AkashKumar\Desktop\test_repo> git reset --hard HEAD  
HEAD is now at 7da0b2b more mistake
PS C:\Users\AkashKumar\Desktop\test_repo> git branch backup-branch
PS C:\Users\AkashKumar\Desktop\test_repo> git reset --hard HEAD~1 
HEAD is now at f2b032e mistake
PS C:\Users\AkashKumar\Desktop\test_repo> git reset --hard HEAD~1
fatal: ambiguous argument 'HEAD~1': unknown revision or path not in the working tree.
Use '--' to separate paths from revisions, like this:
'git <command> [<revision>...] -- [<file>...]'
PS C:\Users\AkashKumar\Desktop\test_repo> git reset --hard HEAD~2
fatal: ambiguous argument 'HEAD~2': unknown revision or path not in the working tree.
Use '--' to separate paths from revisions, like this:
'git <command> [<revision>...] -- [<file>...]'
PS C:\Users\AkashKumar\Desktop\test_repo> git branch more_mistake
PS C:\Users\AkashKumar\Desktop\test_repo> git reset --hard 7da0b2b68070c87d4e07530fcaee5d9d6ab129987da0b2b68070c87d4e07530fcae             
fatal: ambiguous argument '7da0b2b68070c87d4e07530fcaee5d9d6ab129987da0b2b68070c87d4e07530fcae': unknown revision or path not in the working tree.
Use '--' to separate paths from revisions, like this:
'git <command> [<revision>...] -- [<file>...]'
PS C:\Users\AkashKumar\Desktop\test_repo> git reset --hard 7da0b2b68070c87d4e07530fcaee5d9d6ab12998
HEAD is now at 7da0b2b more mistake
PS C:\Users\AkashKumar\Desktop\test_repo> git reset --hard f2b032ec74f4eff07094e1a0bb28bd48b3d8413f
HEAD is now at f2b032e mistake
PS C:\Users\AkashKumar\Desktop\test_repo> git reset --hard 7da0b2b68070c87d4e07530fcaee5d9d6ab12998
HEAD is now at 7da0b2b more mistake
PS C:\Users\AkashKumar\Desktop\test_repo> git revert head
[master 7c15bcb] Revert "more mistake"
 Committer: Akash Kumar <kakash@asofttek.com>
Your name and email address were configured automatically based
on your username and hostname. Please check that they are accurate.
You can suppress this message by setting them explicitly. Run the
following command and follow the instructions in your editor to edit
your configuration file:

    git config --global --edit

After doing this, you may fix the identity used for this commit with:

    git commit --amend --reset-author

 1 file changed, 1 insertion(+), 2 deletions(-)
PS C:\Users\AkashKumar\Desktop\test_repo> git reset --hard f2b032ec74f4eff07094e1a0bb28bd48b3d8413f
HEAD is now at f2b032e mistake
PS C:\Users\AkashKumar\Desktop\test_repo> git log
commit f2b032ec74f4eff07094e1a0bb28bd48b3d8413f (HEAD -> master, more_mistake)
Author: Akash Kumar <kakash@asofttek.com>
Date:   Wed Jul 30 08:54:40 2025 +0530

    mistake
PS C:\Users\AkashKumar\Desktop\test_repo> git log --oneline
f2b032e (HEAD -> master, more_mistake) mistake
PS C:\Users\AkashKumar\Desktop\test_repo> git push --force-with-lease origin master
Total 0 (delta 0), reused 0 (delta 0), pack-reused 0 (from 0)
To https://github.com/kakash02/test_repo.git
 + 7da0b2b...f2b032e master -> master (forced update)
PS C:\Users\AkashKumar\Desktop\test_repo> git bracnch
git: 'bracnch' is not a git command. See 'git --help'.

The most similar command is
        branch
PS C:\Users\AkashKumar\Desktop\test_repo> git branch 
  backup-branch
* master
  more_mistake
PS C:\Users\AkashKumar\Desktop\test_repo> git branch backup-branch
fatal: a branch named 'backup-branch' already exists
PS C:\Users\AkashKumar\Desktop\test_repo> git checkout backup-branch
Switched to branch 'backup-branch'
PS C:\Users\AkashKumar\Desktop\test_repo> git checkout master       
Switched to branch 'master'
PS C:\Users\AkashKumar\Desktop\test_repo> git checkout more_mistake
Switched to branch 'more_mistake'
PS C:\Users\AkashKumar\Desktop\test_repo> git checkout master       
Switched to branch 'master'
PS C:\Users\AkashKumar\Desktop\test_repo> git commit -m "hello"       
[master 34c9907] hello
 Committer: Akash Kumar <kakash@asofttek.com>
Your name and email address were configured automatically based
on your username and hostname. Please check that they are accurate.
You can suppress this message by setting them explicitly. Run the
following command and follow the instructions in your editor to edit
your configuration file:

    git config --global --edit

After doing this, you may fix the identity used for this commit with:

    git commit --amend --reset-author

 1 file changed, 2 insertions(+), 1 deletion(-)
PS C:\Users\AkashKumar\Desktop\test_repo> git push origin master   
Enumerating objects: 5, done.
Counting objects: 100% (5/5), done.
Delta compression using up to 8 threads
Compressing objects: 100% (2/2), done.
Writing objects: 100% (3/3), 268 bytes | 268.00 KiB/s, done.
Total 3 (delta 1), reused 0 (delta 0), pack-reused 0 (from 0)
remote: Resolving deltas: 100% (1/1), completed with 1 local object.
To https://github.com/kakash02/test_repo.git
   f2b032e..34c9907  master -> master
PS C:\Users\AkashKumar\Desktop\test_repo> git branch -a
  backup-branch
* master
  more_mistake
  remotes/origin/HEAD -> origin/master
  remotes/origin/master
PS C:\Users\AkashKumar\Desktop\test_repo>